Task(name='T√©l√©chargez des [applications et plugins gratuits suppl√©mentaires](https://todoist.com/fr/downloads?utm_source=todoist&utm_medium=in_app&utm_campaign=onboarding_project&utm_content=inbox) pour üíª,‚åöÔ∏è,üñ•,üì± et üìß', url='https://app.todoist.com/app/task/9388991121')
Task(name='Connecter mon calendrier professionnel √† Todoist', url='https://app.todoist.com/app/task/9388991491')
Task(name='R√©pondez au [questionnaire sur votre m√©thode de productivit√©](https://todoist.com/productivity-methods?utm_source=todoist&utm_medium=in_app&utm_campaign=onboarding_project&utm_content=inbox)', url='https://app.todoist.com/app/task/9388991122')
Task(name='Passer en revue ma journ√©e et planifier', url='https://app.todoist.com/app/task/9388991492')
Task(name='Ajouter mes routines _professionnelles_', url='https://app.todoist.com/app/task/9388991493')
Task(name='[Faire une pause r√©guli√®re](https://blog.doist.com/end-work-day/?utm_source=todoist&utm_medium=in_app&utm_campaign=onboarding_project&utm_content=work) üåñ', url='https://app.todoist.com/app/task/9388991494')
Task(name='[Les int√©grations de Todoist qui boosteront votre productivit√©](https://blog.doist.com/todoist-integrations-productivity/?utm_source=todoist&utm_medium=in_app&utm_campaign=onboarding_project&utm_content=work)', url='https://app.todoist.com/app/task/9388991495')
Task(name='Explorer les [mod√®les professionnels de Todoist](https://todoist.com/fr/templates/category/work?utm_source=todoist&utm_medium=in_app&utm_campaign=onboarding_project&utm_content=work)', url='https://app.todoist.com/app/task/9388991496')
