[
    {
        "id": "1",
        "status": "new"
    },
    {
        "id": "2",
        "status": "new"
    }
]
