[
    {
        "key": "1",
        "url": "https://url_1.com",
        "title": "buy the milk",
        "project": {
            "key": "1",
            "name": "Project 1"
        },
        "due_date": {
            "tag": "none",
            "none": null
        }
    },
    {
        "key": "2",
        "url": "https://url_2.com",
        "title": "buy the water",
        "project": {
            "key": "2",
            "name": "Project 2"
        },
        "due_date": {
            "tag": "none",
            "none": null
        }
    }
]
