TaskInformation(key='9388991121', title='Téléchargez des [applications et plugins gratuits supplémentaires](https://todoist.com/fr/downloads?utm_source=todoist&utm_medium=in_app&utm_campaign=onboarding_project&utm_content=inbox) pour 💻,⌚️,🖥,📱 et 📧', project=Project(key='2357501003', name='Inbox'), due_date=None)
