[
    {
        "name": "buy the milk",
        "url": "https://url_1.com",
        "status": "new"
    },
    {
        "name": "buy the water",
        "url": "https://url_2.com",
        "status": "new"
    }
]
