Task(name=b'T\xc3\xa9l\xc3\xa9chargez des [applications et plugins gratuits suppl\xc3\xa9mentaires](https://todoist.com/fr/downloads?utm_source=todoist&utm_medium=in_app&utm_campaign=onboarding_project&utm_content=inbox) pour \xf0\x9f\x92\xbb,\xe2\x8c\x9a\xef\xb8\x8f,\xf0\x9f\x96\xa5,\xf0\x9f\x93\xb1 et \xf0\x9f\x93\xa7', url='https://app.todoist.com/app/task/9388991121')
Task(name=b'Connecter mon calendrier professionnel \xc3\xa0 Todoist', url='https://app.todoist.com/app/task/9388991491')
Task(name=b'R\xc3\xa9pondez au [questionnaire sur votre m\xc3\xa9thode de productivit\xc3\xa9](https://todoist.com/productivity-methods?utm_source=todoist&utm_medium=in_app&utm_campaign=onboarding_project&utm_content=inbox)', url='https://app.todoist.com/app/task/9388991122')
Task(name=b'Passer en revue ma journ\xc3\xa9e et planifier', url='https://app.todoist.com/app/task/9388991492')
Task(name=b'Ajouter mes routines _professionnelles_', url='https://app.todoist.com/app/task/9388991493')
Task(name=b'[Faire une pause r\xc3\xa9guli\xc3\xa8re](https://blog.doist.com/end-work-day/?utm_source=todoist&utm_medium=in_app&utm_campaign=onboarding_project&utm_content=work) \xf0\x9f\x8c\x96', url='https://app.todoist.com/app/task/9388991494')
Task(name=b'[Les int\xc3\xa9grations de Todoist qui boosteront votre productivit\xc3\xa9](https://blog.doist.com/todoist-integrations-productivity/?utm_source=todoist&utm_medium=in_app&utm_campaign=onboarding_project&utm_content=work)', url='https://app.todoist.com/app/task/9388991495')
Task(name=b'Explorer les [mod\xc3\xa8les professionnels de Todoist](https://todoist.com/fr/templates/category/work?utm_source=todoist&utm_medium=in_app&utm_campaign=onboarding_project&utm_content=work)', url='https://app.todoist.com/app/task/9388991496')
