TodoistTask(name='Téléchargez des [applications et plugins gratuits supplémentaires](https://todoist.com/fr/downloads?utm_source=todoist&utm_medium=in_app&utm_campaign=onboarding_project&utm_content=inbox) pour 💻,⌚️,🖥,📱 et 📧', url='https://app.todoist.com/app/task/9388991121', id='9388991121', project=TodoistProject(id='2357501003', name='Inbox'), due_date=Option(some=2025-07-28))
TodoistTask(name='Connecter mon calendrier professionnel à Todoist', url='https://app.todoist.com/app/task/9388991491', id='9388991491', project=TodoistProject(id='2357501015', name='Travail 🎯'), due_date=Option(none=None))
TodoistTask(name='Répondez au [questionnaire sur votre méthode de productivité](https://todoist.com/productivity-methods?utm_source=todoist&utm_medium=in_app&utm_campaign=onboarding_project&utm_content=inbox)', url='https://app.todoist.com/app/task/9388991122', id='9388991122', project=TodoistProject(id='2357501003', name='Inbox'), due_date=Option(some=2025-07-29))
TodoistTask(name='Passer en revue ma journée et planifier', url='https://app.todoist.com/app/task/9388991492', id='9388991492', project=TodoistProject(id='2357501015', name='Travail 🎯'), due_date=Option(some=2025-07-29))
TodoistTask(name='Ajouter mes routines _professionnelles_', url='https://app.todoist.com/app/task/9388991493', id='9388991493', project=TodoistProject(id='2357501015', name='Travail 🎯'), due_date=Option(none=None))
TodoistTask(name='buy the milk', url='https://app.todoist.com/app/task/9497217837', id='9497217837', project=TodoistProject(id='2357501003', name='Inbox'), due_date=Option(none=None))
TodoistTask(name='[Faire une pause régulière](https://blog.doist.com/end-work-day/?utm_source=todoist&utm_medium=in_app&utm_campaign=onboarding_project&utm_content=work) 🌖', url='https://app.todoist.com/app/task/9388991494', id='9388991494', project=TodoistProject(id='2357501015', name='Travail 🎯'), due_date=Option(none=None))
TodoistTask(name='[Les intégrations de Todoist qui boosteront votre productivité](https://blog.doist.com/todoist-integrations-productivity/?utm_source=todoist&utm_medium=in_app&utm_campaign=onboarding_project&utm_content=work)', url='https://app.todoist.com/app/task/9388991495', id='9388991495', project=TodoistProject(id='2357501015', name='Travail 🎯'), due_date=Option(none=None))
TodoistTask(name='Explorer les [modèles professionnels de Todoist](https://todoist.com/fr/templates/category/work?utm_source=todoist&utm_medium=in_app&utm_campaign=onboarding_project&utm_content=work)', url='https://app.todoist.com/app/task/9388991496', id='9388991496', project=TodoistProject(id='2357501015', name='Travail 🎯'), due_date=Option(none=None))
